******************************************************************************
                  TI ARM Linker PC v20.2.7                     
******************************************************************************
>> Linked Sun Aug 27 21:16:01 2023

OUTPUT FILE NAME:   <Stop_Watch_V3.out>
ENTRY POINT SYMBOL: "_c_int00_noargs"  address: 00001265


MEMORY CONFIGURATION

         name            origin    length      used     unused   attr    fill
----------------------  --------  ---------  --------  --------  ----  --------
  FLASH                 00000000   00040000  0000137c  0003ec84  R  X
  SRAM                  20000000   00008000  00000311  00007cef  RW X


SEGMENT ALLOCATION MAP

run origin  load origin   length   init length attrs members
----------  ----------- ---------- ----------- ----- -------
00000000    00000000    00001380   00001380    r-x
  00000000    00000000    0000026c   0000026c    r-- .intvecs
  0000026c    0000026c    0000106a   0000106a    r-x .text
  000012d6    000012d6    0000005e   0000005e    r-- .const
  00001338    00001338    00000048   00000048    r-- .cinit
20000000    20000000    00000311   00000000    rw-
  20000000    20000000    00000200   00000000    rw- .stack
  20000200    20000200    0000010c   00000000    rw- .data
  2000030c    2000030c    00000005   00000000    rw- .bss


SECTION ALLOCATION MAP

 output                                  attributes/
section   page    origin      length       input sections
--------  ----  ----------  ----------   ----------------
.intvecs   0    00000000    0000026c     
                  00000000    0000026c     tm4c123gh6pm_startup_ccs.obj (.intvecs)

.text      0    0000026c    0000106a     
                  0000026c    0000047c     EXTI_Program.obj (.text)
                  000006e8    00000468     GPIO_Program.obj (.text)
                  00000b50    00000260     LCD.obj (.text)
                  00000db0    00000214     main.obj (.text)
                  00000fc4    0000009c     rtsv7M4_T_le_v4SPD16_eabi.lib : memcpy_t2.asm.obj (.text)
                  00001060    0000007c     Delay.obj (.text)
                  000010dc    0000007a     rtsv7M4_T_le_v4SPD16_eabi.lib : memset_t2.asm.obj (.text)
                  00001156    00000068                                   : copy_decompress_lzss.c.obj (.text:decompress:lzss:__TI_decompress_lzss)
                  000011be    00000002     --HOLE-- [fill = 0]
                  000011c0    00000060     SysTick.obj (.text)
                  00001220    00000044     rtsv7M4_T_le_v4SPD16_eabi.lib : autoinit.c.obj (.text:__TI_auto_init_nobinit_nopinit:__TI_auto_init_nobinit_nopinit)
                  00001264    00000034                                   : boot_cortex_m.c.obj (.text:_c_int00_noargs:_c_int00_noargs)
                  00001298    0000001c                                   : copy_zero_init.c.obj (.text:decompress:ZI:__TI_zero_init_nomemset:__TI_zero_init_nomemset)
                  000012b4    0000000e                                   : copy_decompress_none.c.obj (.text:decompress:none:__TI_decompress_none)
                  000012c2    0000000c     tm4c123gh6pm_startup_ccs.obj (.text)
                  000012ce    00000004     rtsv7M4_T_le_v4SPD16_eabi.lib : pre_init.c.obj (.text:_system_pre_init)
                  000012d2    00000004                                   : exit.c.obj (.text:abort:abort)

.const     0    000012d6    0000005e     
                  000012d6    00000038     LCD.obj (.const:$P$T0$1)
                  0000130e    00000010     main.obj (.const:$P$T0$1)
                  0000131e    00000010     main.obj (.const:$P$T1$2)
                  0000132e    00000006     main.obj (.const:.string:$P$T2$3)

.cinit     0    00001338    00000048     
                  00001338    00000020     (.cinit..data.load) [load image, compression = lzss]
                  00001358    0000000c     (__TI_handler_table)
                  00001364    00000004     --HOLE-- [fill = 0]
                  00001368    00000008     (.cinit..bss.load) [load image, compression = zero_init]
                  00001370    00000010     (__TI_cinit_table)

.init_array 
*          0    00000000    00000000     UNINITIALIZED

.data      0    20000200    0000010c     UNINITIALIZED
                  20000200    000000c0     EXTI_Program.obj (.data:EXTI_CallBackFunc)
                  200002c0    00000018     EXTI_Program.obj (.data:EXTI_Arr)
                  200002d8    00000018     GPIO_Program.obj (.data:GPIO_Arr)
                  200002f0    00000018     LCD.obj (.data:GPIO_Arr)
                  20000308    00000004     main.obj (.data)

.bss       0    2000030c    00000005     UNINITIALIZED
                  2000030c    00000004     (.common:glopal_pfunc)
                  20000310    00000001     (.common:counter)

.stack     0    20000000    00000200     UNINITIALIZED
                  20000000    00000004     rtsv7M4_T_le_v4SPD16_eabi.lib : boot_cortex_m.c.obj (.stack)
                  20000004    000001fc     --HOLE--

__llvm_prf_cnts 
*          0    20000000    00000000     UNINITIALIZED

MODULE SUMMARY

       Module                         code   ro data   rw data
       ------                         ----   -------   -------
    .\
       tm4c123gh6pm_startup_ccs.obj   12     620       0      
       main.obj                       532    38        4      
    +--+------------------------------+------+---------+---------+
       Total:                         544    658       4      
                                                              
    .\1.MCAL\EXTI\SRC\
       EXTI_Program.obj               1148   0         216    
    +--+------------------------------+------+---------+---------+
       Total:                         1148   0         216    
                                                              
    .\1.MCAL\GPIO\SRC\
       GPIO_Program.obj               1128   0         24     
    +--+------------------------------+------+---------+---------+
       Total:                         1128   0         24     
                                                              
    .\1.MCAL\SysTick\
       SysTick.obj                    96     0         4      
    +--+------------------------------+------+---------+---------+
       Total:                         96     0         4      
                                                              
    .\2-HAL\LCD\
       LCD.obj                        608    56        25     
    +--+------------------------------+------+---------+---------+
       Total:                         608    56        25     
                                                              
    .\4.LIB\
       Delay.obj                      124    0         0      
    +--+------------------------------+------+---------+---------+
       Total:                         124    0         0      
                                                              
    C:\ti\ccs1240\ccs\tools\compiler\ti-cgt-arm_20.2.7.LTS\lib\rtsv7M4_T_le_v4SPD16_eabi.lib
       memcpy_t2.asm.obj              156    0         0      
       memset_t2.asm.obj              122    0         0      
       copy_decompress_lzss.c.obj     104    0         0      
       autoinit.c.obj                 68     0         0      
       boot_cortex_m.c.obj            52     0         0      
       copy_zero_init.c.obj           28     0         0      
       copy_decompress_none.c.obj     14     0         0      
       exit.c.obj                     4      0         0      
       pre_init.c.obj                 4      0         0      
    +--+------------------------------+------+---------+---------+
       Total:                         552    0         0      
                                                              
       Stack:                         0      0         512    
       Linker Generated:              0      68        0      
    +--+------------------------------+------+---------+---------+
       Grand Total:                   4200   782       785    


LINKER GENERATED COPY TABLES

__TI_cinit_table @ 00001370 records: 2, size/record: 8, table size: 16
	.data: load addr=00001338, load size=00000020 bytes, run addr=20000200, run size=0000010c bytes, compression=lzss
	.bss: load addr=00001368, load size=00000008 bytes, run addr=2000030c, run size=00000005 bytes, compression=zero_init


LINKER GENERATED HANDLER TABLE

__TI_handler_table @ 00001358 records: 3, size/record: 4, table size: 12
	index: 0, handler: __TI_decompress_lzss
	index: 1, handler: __TI_decompress_none
	index: 2, handler: __TI_zero_init


GLOBAL SYMBOLS: SORTED ALPHABETICALLY BY Name 

address   name                          
-------   ----                          
000012d3  C$$EXIT                       
00000f73  EXTIF0_CallBack               
00000f7b  EXTIF4_CallBack               
0000026d  EXTI_Init                     
000003f7  EXTI_SetCallBack              
0000044b  GPIOA_Handler                 
000004b1  GPIOB_Handler                 
00000515  GPIOC_Handler                 
0000057b  GPIOD_Handler                 
000005e5  GPIOE_Handler                 
0000064b  GPIOF_Handler                 
00000a9d  GPIO_GetPinValue              
00000b05  GPIO_GetPortValue             
000006e9  GPIO_Init                     
000009f1  GPIO_SetPinValue              
00000a4b  GPIO_SetPortValue             
00000ce1  LCD_clear                     
00000c99  LCD_move_cusor                
00000b51  LCD_vidInit                   
00000baf  LCD_vidSendNibbleCMD          
00000bf7  LCD_vidSendNibbleData         
00000c3f  LCD_vidWriteChar              
00000cf7  LCD_vidWriteNumber            
00000c69  LCD_vidWriteString            
2000030b  Pause                         
000012c3  ResetISR                      
20000308  SEC_Counter                   
2000030a  Start                         
00001205  SysTick_Handler               
000011cf  SysTick_delay_ms              
000011c1  SysTick_vidInit               
00000f83  Systick_Timer_callback        
20000200  __STACK_END                   
00000200  __STACK_SIZE                  
20000200  __STACK_TOP                   
00001370  __TI_CINIT_Base               
00001380  __TI_CINIT_Limit              
00001358  __TI_Handler_Table_Base       
00001364  __TI_Handler_Table_Limit      
00001221  __TI_auto_init_nobinit_nopinit
00001157  __TI_decompress_lzss          
000012b5  __TI_decompress_none          
ffffffff  __TI_pprof_out_hndl           
ffffffff  __TI_prof_data_size           
ffffffff  __TI_prof_data_start          
00000000  __TI_static_base__            
00001299  __TI_zero_init_nomemset       
000010dd  __aeabi_memclr                
000010dd  __aeabi_memclr4               
000010dd  __aeabi_memclr8               
00000fc5  __aeabi_memcpy                
00000fc5  __aeabi_memcpy4               
00000fc5  __aeabi_memcpy8               
000010df  __aeabi_memset                
000010df  __aeabi_memset4               
000010df  __aeabi_memset8               
ffffffff  __binit__                     
ffffffff  __c_args__                    
UNDEFED   __mpu_init                    
20000000  __stack                       
20000000  __start___llvm_prf_cnts       
20000000  __stop___llvm_prf_cnts        
00001265  _c_int00_noargs               
UNDEFED   _system_post_cinit            
000012cf  _system_pre_init              
000012d3  abort                         
ffffffff  binit                         
20000310  counter                       
00001061  delay_ms                      
000010a3  delay_us                      
00000000  g_pfnVectors                  
2000030c  glopal_pfunc                  
20000309  isChanged                     
00000db1  main                          
00000fc5  memcpy                        
000010e5  memset                        
000011f5  sethandler                    


GLOBAL SYMBOLS: SORTED BY Symbol Address 

address   name                          
-------   ----                          
00000000  __TI_static_base__            
00000000  g_pfnVectors                  
00000200  __STACK_SIZE                  
0000026d  EXTI_Init                     
000003f7  EXTI_SetCallBack              
0000044b  GPIOA_Handler                 
000004b1  GPIOB_Handler                 
00000515  GPIOC_Handler                 
0000057b  GPIOD_Handler                 
000005e5  GPIOE_Handler                 
0000064b  GPIOF_Handler                 
000006e9  GPIO_Init                     
000009f1  GPIO_SetPinValue              
00000a4b  GPIO_SetPortValue             
00000a9d  GPIO_GetPinValue              
00000b05  GPIO_GetPortValue             
00000b51  LCD_vidInit                   
00000baf  LCD_vidSendNibbleCMD          
00000bf7  LCD_vidSendNibbleData         
00000c3f  LCD_vidWriteChar              
00000c69  LCD_vidWriteString            
00000c99  LCD_move_cusor                
00000ce1  LCD_clear                     
00000cf7  LCD_vidWriteNumber            
00000db1  main                          
00000f73  EXTIF0_CallBack               
00000f7b  EXTIF4_CallBack               
00000f83  Systick_Timer_callback        
00000fc5  __aeabi_memcpy                
00000fc5  __aeabi_memcpy4               
00000fc5  __aeabi_memcpy8               
00000fc5  memcpy                        
00001061  delay_ms                      
000010a3  delay_us                      
000010dd  __aeabi_memclr                
000010dd  __aeabi_memclr4               
000010dd  __aeabi_memclr8               
000010df  __aeabi_memset                
000010df  __aeabi_memset4               
000010df  __aeabi_memset8               
000010e5  memset                        
00001157  __TI_decompress_lzss          
000011c1  SysTick_vidInit               
000011cf  SysTick_delay_ms              
000011f5  sethandler                    
00001205  SysTick_Handler               
00001221  __TI_auto_init_nobinit_nopinit
00001265  _c_int00_noargs               
00001299  __TI_zero_init_nomemset       
000012b5  __TI_decompress_none          
000012c3  ResetISR                      
000012cf  _system_pre_init              
000012d3  C$$EXIT                       
000012d3  abort                         
00001358  __TI_Handler_Table_Base       
00001364  __TI_Handler_Table_Limit      
00001370  __TI_CINIT_Base               
00001380  __TI_CINIT_Limit              
20000000  __stack                       
20000000  __start___llvm_prf_cnts       
20000000  __stop___llvm_prf_cnts        
20000200  __STACK_END                   
20000200  __STACK_TOP                   
20000308  SEC_Counter                   
20000309  isChanged                     
2000030a  Start                         
2000030b  Pause                         
2000030c  glopal_pfunc                  
20000310  counter                       
ffffffff  __TI_pprof_out_hndl           
ffffffff  __TI_prof_data_size           
ffffffff  __TI_prof_data_start          
ffffffff  __binit__                     
ffffffff  __c_args__                    
ffffffff  binit                         
UNDEFED   __mpu_init                    
UNDEFED   _system_post_cinit            

[77 symbols]
